// Jest Snapshot v1, https://goo.gl/fbAQLP

exports[`Pruebas de Gif Grid Item debe de mostrar <GifGridItem /> correctamente 1`] = `
<div
  className="card animate__animated animate__bounce animate__delay-2s"
>
  <div
    className="card-image"
  >
    <img
      alt="Titulo"
      src="https://localhost:3000"
    />
    <div
      className="card-title"
    >
      Titulo
       
    </div>
  </div>
</div>
`;
